{"loc":"1:13-23","pretty":"class HelloWorld","sym":"HelloWorld","syntax":"def,type","source":1}
{"loc":"1:13","pretty":"HelloWorld","kind":"def","sym":"HelloWorld","target":1}
{"loc":"2:21-25","pretty":"method HelloWorld.main","sym":"HelloWorld#main","syntax":"def,function","source":1}
{"loc":"2:21","pretty":"HelloWorld.main","kind":"def","sym":"HelloWorld#main","context":"HelloWorld","target":1}
{"loc":"2:21-25","pretty":"method main","sym":"main","syntax":"def,function","source":1}
{"loc":"2:21","pretty":"main","kind":"def","sym":"main","context":"HelloWorld","target":1}
{"loc":"3:15-22","pretty":"method java.io.PrintStream.println","sym":"java#io#PrintStream#println","syntax":"use,function","source":1}
{"loc":"3:15","pretty":"java.io.PrintStream.println","kind":"use","sym":"java#io#PrintStream#println","context":"","target":1}
{"loc":"3:15-22","pretty":"method println","sym":"println","syntax":"use,function","source":1}
{"loc":"3:15","pretty":"println","kind":"use","sym":"println","context":"","target":1}
{"loc":"3:11-14","pretty":"field System.out","sym":"System#out","syntax":"use,variable","source":1}
{"loc":"3:11","pretty":"System.out","kind":"use","sym":"System#out","context":"","target":1}
{"loc":"3:11-14","pretty":"field out","sym":"out","syntax":"use,variable","source":1}
{"loc":"3:11","pretty":"out","kind":"use","sym":"out","context":"","target":1}
